---
language: python
sudo: required
dist: xenial
python: "3.7"

script:
- tox

stages:
- lint
- test

_lint: &lint
  stage: lint
  before_install:
  - pip install tox

_test: &test
  stage: test
  before_install:
  - pip install codecov coverage tox
  after_success:
  - coverage combine
  - codecov

matrix:
  include:
  - <<: *lint
    env: TOXENV=flake8
  - <<: *lint
    env: TOXENV=isort
  - <<: *lint
    env: TOXENV=mypy
  - <<: *lint
    env: TOXENV=black
  - <<: *lint
    env: TOXENV=manifest
  - <<: *lint
    env: TOXENV=pydocstyle
  - <<: *lint
    env: TOXENV=doc8
  - <<: *lint
    env: TOXENV=sphinx
  - <<: *test
    python: "2.7"
    env: TOXENV=py27
  - <<: *test
    python: "3.4"
    env: TOXENV=py34
  - <<: *test
    python: "3.5"
    env: TOXENV=py35
  - <<: *test
    python: "3.6"
    env: TOXENV=py36
  - <<: *test
    python: "3.7"
    env: TOXENV=py37
...
