---
stages:
- lint
- test
- coverage

image: python:3.7

before_script:
- pip install tox

flake8:
  stage: lint
  script: tox -e flake8

isort:
  stage: lint
  script: tox -e isort

mypy:
  stage: lint
  script: tox -e mypy

black:
  stage: lint
  script: tox -e black

manifest:
  stage: lint
  script: tox -e manifest

pydocstyle:
  stage: lint
  script: tox -e pydocstyle

doc8:
  stage: lint
  script: tox -e doc8

sphinx:
  stage: lint
  script: tox -e sphinx
  artifacts:
    paths:
    - docs/_build
    expire_in: 1 hour

python2.7:
  stage: test
  image: python:2.7
  script: tox -e py27
  artifacts:
    paths:
    - .coverage.*
    expire_in: 1 hour

python3.4:
  stage: test
  image: python:3.4
  script: tox -e py34
  artifacts:
    paths:
    - .coverage.*
    expire_in: 1 hour

python3.5:
  stage: test
  image: python:3.5
  script: tox -e py35
  artifacts:
    paths:
    - .coverage.*
    expire_in: 1 hour

python3.6:
  stage: test
  image: python:3.6
  script: tox -e py36
  artifacts:
    paths:
    - .coverage.*
    expire_in: 1 hour

python3.7:
  stage: test
  image: python:3.7
  script: tox -e py37
  artifacts:
    paths:
    - .coverage.*
    expire_in: 1 hour

coverage:
  stage: coverage
  script: tox -e coverage
  dependencies:
  - python2.7
  - python3.4
  - python3.5
  - python3.6
  - python3.7
  coverage: '/^TOTAL.*\s+(\d+\%)$/'
...
